{"level":"info","message":"Shutting down server..."}
{"level":"info","message":"Shutting down server..."}
{"level":"info","message":"::1 - - [12/Nov/2024:19:56:46 +0000] \"GET / HTTP/1.1\" 200 12 \"-\" \"Mozilla/5.0 (Macintosh; Intel Mac OS X 10_15_7) AppleWebKit/537.36 (KHTML, like Gecko) Chrome/130.0.0.0 Safari/537.36\""}
{"level":"info","message":"::1 - - [12/Nov/2024:19:56:47 +0000] \"GET /favicon.ico HTTP/1.1\" 404 150 \"http://localhost:3000/\" \"Mozilla/5.0 (Macintosh; Intel Mac OS X 10_15_7) AppleWebKit/537.36 (KHTML, like Gecko) Chrome/130.0.0.0 Safari/537.36\""}
{"level":"info","message":"Shutting down server..."}
{"level":"info","message":"Shutting down server..."}
{"level":"info","message":"::1 - - [14/Nov/2024:16:12:16 +0000] \"POST /api/vi HTTP/1.1\" 404 146 \"-\" \"PostmanRuntime/7.42.0\""}
{"level":"info","message":"::1 - - [14/Nov/2024:16:12:24 +0000] \"POST /api/v1 HTTP/1.1\" 404 146 \"-\" \"PostmanRuntime/7.42.0\""}
{"level":"info","message":"::1 - - [14/Nov/2024:16:12:30 +0000] \"POST /api/v1/register HTTP/1.1\" 404 155 \"-\" \"PostmanRuntime/7.42.0\""}
{"level":"info","message":"::1 - - [14/Nov/2024:16:13:42 +0000] \"POST /api/v1/register HTTP/1.1\" 404 155 \"-\" \"PostmanRuntime/7.42.0\""}
{"level":"info","message":"::1 - - [14/Nov/2024:16:13:53 +0000] \"POST /api/register HTTP/1.1\" 404 152 \"-\" \"PostmanRuntime/7.42.0\""}
{"level":"info","message":"::1 - - [14/Nov/2024:16:13:59 +0000] \"POST /api/v1/register HTTP/1.1\" 404 155 \"-\" \"PostmanRuntime/7.42.0\""}
{"level":"info","message":"::1 - - [14/Nov/2024:16:14:27 +0000] \"POST /api/v1/users/register HTTP/1.1\" 500 33 \"-\" \"PostmanRuntime/7.42.0\""}
{"level":"info","message":"::1 - - [14/Nov/2024:16:14:55 +0000] \"POST /api/v1/users/register HTTP/1.1\" 500 103 \"-\" \"PostmanRuntime/7.42.0\""}
{"level":"info","message":"::1 - - [14/Nov/2024:16:15:34 +0000] \"POST /api/v1/users/register HTTP/1.1\" 201 90 \"-\" \"PostmanRuntime/7.42.0\""}
{"level":"info","message":"::1 - - [14/Nov/2024:16:16:06 +0000] \"POST /api/v1/users/register HTTP/1.1\" 500 28 \"-\" \"PostmanRuntime/7.42.0\""}
{"level":"info","message":"::1 - - [14/Nov/2024:16:16:29 +0000] \"POST /api/v1/users/register HTTP/1.1\" 201 90 \"-\" \"PostmanRuntime/7.42.0\""}
{"level":"info","message":"::1 - - [14/Nov/2024:16:31:03 +0000] \"POST /api/v1/llogin HTTP/1.1\" 404 153 \"-\" \"PostmanRuntime/7.42.0\""}
{"level":"info","message":"::1 - - [14/Nov/2024:16:31:13 +0000] \"POST /api/v1/login HTTP/1.1\" 401 37 \"-\" \"PostmanRuntime/7.42.0\""}
{"level":"info","message":"::1 - - [14/Nov/2024:16:31:27 +0000] \"POST /api/v1/login HTTP/1.1\" 500 42 \"-\" \"PostmanRuntime/7.42.0\""}
{"level":"info","message":"::1 - - [14/Nov/2024:16:31:47 +0000] \"POST /api/v1/login HTTP/1.1\" 500 42 \"-\" \"PostmanRuntime/7.42.0\""}
{"level":"info","message":"::1 - - [14/Nov/2024:16:33:05 +0000] \"POST /api/v1/login HTTP/1.1\" 200 191 \"-\" \"PostmanRuntime/7.42.0\""}
{"level":"info","message":"::1 - - [14/Nov/2024:16:33:35 +0000] \"POST /api/v1/login HTTP/1.1\" 200 205 \"-\" \"PostmanRuntime/7.42.0\""}
{"level":"info","message":"::1 - - [14/Nov/2024:16:36:43 +0000] \"GET /api/v1/users/getUserDetails HTTP/1.1\" 401 36 \"-\" \"PostmanRuntime/7.42.0\""}
{"level":"info","message":"::1 - - [14/Nov/2024:16:36:47 +0000] \"POST /api/v1/login HTTP/1.1\" 200 205 \"-\" \"PostmanRuntime/7.42.0\""}
{"level":"info","message":"::1 - - [14/Nov/2024:16:36:56 +0000] \"GET /api/v1/users/getUserDetails HTTP/1.1\" 401 36 \"-\" \"PostmanRuntime/7.42.0\""}
{"level":"info","message":"::1 - - [14/Nov/2024:16:38:00 +0000] \"GET /api/v1/users/getUserDetails HTTP/1.1\" 401 36 \"-\" \"PostmanRuntime/7.42.0\""}
{"level":"info","message":"::1 - - [14/Nov/2024:16:38:22 +0000] \"GET /api/v1/users/getUserDetails HTTP/1.1\" 401 36 \"-\" \"PostmanRuntime/7.42.0\""}
{"level":"info","message":"::1 - - [14/Nov/2024:16:48:54 +0000] \"GET /api/v1/users/getUserDetails HTTP/1.1\" 200 81 \"-\" \"PostmanRuntime/7.42.0\""}
{"level":"info","message":"::1 - - [14/Nov/2024:16:50:05 +0000] \"POST /api/v1/login HTTP/1.1\" 200 205 \"-\" \"PostmanRuntime/7.42.0\""}
{"level":"info","message":"::1 - - [14/Nov/2024:16:50:30 +0000] \"GET /api/v1/users/getUserDetails HTTP/1.1\" 200 81 \"-\" \"PostmanRuntime/7.42.0\""}
{"level":"info","message":"::1 - - [14/Nov/2024:16:51:18 +0000] \"GET /api/v1users/getUserDetails HTTP/1.1\" 404 165 \"-\" \"PostmanRuntime/7.42.0\""}
{"level":"info","message":"::1 - - [14/Nov/2024:16:51:31 +0000] \"GET /api/v1/users/getUserDetails HTTP/1.1\" 200 81 \"-\" \"PostmanRuntime/7.42.0\""}
{"level":"info","message":"::1 - - [14/Nov/2024:16:52:07 +0000] \"GET /api/v1/users/getUserDetails HTTP/1.1\" 200 81 \"-\" \"PostmanRuntime/7.42.0\""}
{"level":"info","message":"::1 - - [14/Nov/2024:16:52:24 +0000] \"POST /api/v1/users/register HTTP/1.1\" 500 28 \"-\" \"PostmanRuntime/7.42.0\""}
{"level":"info","message":"::1 - - [10/Jan/2025:17:06:20 +0000] \"POST /api/v1/register HTTP/1.1\" 201 247 \"-\" \"curl/8.7.1\""}
{"level":"info","message":"::1 - - [10/Jan/2025:17:11:43 +0000] \"POST /api/v1/register HTTP/1.1\" 500 28 \"-\" \"PostmanRuntime/7.43.0\""}
{"level":"info","message":"::1 - - [10/Jan/2025:17:12:25 +0000] \"POST /api/v1/login HTTP/1.1\" 200 246 \"-\" \"PostmanRuntime/7.43.0\""}
{"level":"info","message":"::1 - - [10/Jan/2025:17:24:49 +0000] \"POST /api/v1/project/createProject HTTP/1.1\" 201 247 \"-\" \"PostmanRuntime/7.43.0\""}
{"level":"info","message":"::1 - - [10/Jan/2025:17:26:04 +0000] \"POST /api/v1/uploadImage HTTP/1.1\" 200 147 \"-\" \"PostmanRuntime/7.43.0\""}
{"level":"info","message":"::1 - - [10/Jan/2025:17:26:31 +0000] \"POST /api/v1/users/saveImagesToGallery HTTP/1.1\" 201 412 \"-\" \"PostmanRuntime/7.43.0\""}
{"level":"info","message":"::1 - - [10/Jan/2025:17:27:20 +0000] \"POST /api/v1/project/saveProjectImages HTTP/1.1\" 500 65 \"-\" \"PostmanRuntime/7.43.0\""}
{"level":"info","message":"::1 - - [10/Jan/2025:17:49:59 +0000] \"POST /api/v1/project/saveProjectImages HTTP/1.1\" 500 65 \"-\" \"PostmanRuntime/7.43.0\""}
{"level":"info","message":"::1 - - [10/Jan/2025:17:57:24 +0000] \"POST /api/v1/project/saveProjectImages HTTP/1.1\" 500 65 \"-\" \"PostmanRuntime/7.43.0\""}
{"level":"info","message":"::1 - - [10/Jan/2025:18:03:32 +0000] \"POST /api/v1/project/saveProjectImages HTTP/1.1\" 500 65 \"-\" \"PostmanRuntime/7.43.0\""}
{"level":"info","message":"::1 - - [10/Jan/2025:18:14:00 +0000] \"POST /api/v1/project/saveProjectImages HTTP/1.1\" 500 65 \"-\" \"PostmanRuntime/7.43.0\""}
{"level":"info","message":"::1 - - [10/Jan/2025:18:15:16 +0000] \"POST /api/v1/project/saveProjectImages HTTP/1.1\" 201 254 \"-\" \"PostmanRuntime/7.43.0\""}
{"level":"info","message":"::1 - - [10/Jan/2025:18:25:20 +0000] \"POST /api/v1/project/saveProjectImages HTTP/1.1\" 201 254 \"-\" \"PostmanRuntime/7.43.0\""}
{"level":"info","message":"::1 - - [10/Jan/2025:18:26:56 +0000] \"POST /api/v1/project/saveProjectImages HTTP/1.1\" 500 65 \"-\" \"PostmanRuntime/7.43.0\""}
{"level":"info","message":"::1 - - [10/Jan/2025:18:27:52 +0000] \"POST /api/v1/project/saveProjectImages HTTP/1.1\" 500 65 \"-\" \"PostmanRuntime/7.43.0\""}
{"level":"info","message":"::1 - - [10/Jan/2025:18:30:09 +0000] \"POST /api/v1/project/saveProjectImages HTTP/1.1\" 201 254 \"-\" \"PostmanRuntime/7.43.0\""}
{"level":"info","message":"::1 - - [10/Jan/2025:18:40:59 +0000] \"POST /api/v1/project/saveProjectImages HTTP/1.1\" 201 254 \"-\" \"PostmanRuntime/7.43.0\""}
{"level":"info","message":"::1 - - [10/Jan/2025:18:42:28 +0000] \"POST /api/v1/project/saveProjectImages HTTP/1.1\" 201 254 \"-\" \"PostmanRuntime/7.43.0\""}
{"level":"info","message":"::1 - - [10/Jan/2025:18:43:02 +0000] \"POST /api/v1/project/saveProjectImages HTTP/1.1\" 201 254 \"-\" \"PostmanRuntime/7.43.0\""}
{"level":"info","message":"::1 - - [10/Jan/2025:18:43:15 +0000] \"POST /api/v1/project/saveProjectImages HTTP/1.1\" 201 254 \"-\" \"PostmanRuntime/7.43.0\""}
{"level":"info","message":"::1 - - [10/Jan/2025:18:45:21 +0000] \"POST /api/v1/project/saveProjectImages HTTP/1.1\" 201 281 \"-\" \"PostmanRuntime/7.43.0\""}
{"level":"info","message":"::1 - - [10/Jan/2025:18:48:41 +0000] \"POST /api/v1/project/saveProjectImages HTTP/1.1\" 201 384297 \"-\" \"PostmanRuntime/7.43.0\""}
{"level":"info","message":"::1 - - [10/Jan/2025:18:52:24 +0000] \"POST /api/v1/project/saveProjectImages HTTP/1.1\" 201 384297 \"-\" \"PostmanRuntime/7.43.0\""}
{"level":"info","message":"::1 - - [10/Jan/2025:18:56:32 +0000] \"POST /api/v1/project/saveProjectImages HTTP/1.1\" 201 1125 \"-\" \"PostmanRuntime/7.43.0\""}
{"level":"info","message":"::1 - - [10/Jan/2025:18:59:07 +0000] \"POST /api/v1/uploadImage HTTP/1.1\" 200 142 \"-\" \"PostmanRuntime/7.43.0\""}
{"level":"info","message":"::1 - - [10/Jan/2025:19:00:32 +0000] \"POST /api/v1/uploadImage HTTP/1.1\" 200 143 \"-\" \"PostmanRuntime/7.43.0\""}
{"level":"info","message":"::1 - - [10/Jan/2025:19:00:58 +0000] \"POST /api/v1/users/saveImagesToGallery HTTP/1.1\" 201 404 \"-\" \"PostmanRuntime/7.43.0\""}
{"level":"info","message":"::1 - - [10/Jan/2025:19:01:38 +0000] \"POST /api/v1/project/saveProjectImages HTTP/1.1\" 201 2500 \"-\" \"PostmanRuntime/7.43.0\""}
{"level":"info","message":"::1 - - [11/Jan/2025:11:02:44 +0000] \"POST /api/v1/project/saveProjectImages HTTP/1.1\" 500 65 \"-\" \"PostmanRuntime/7.43.0\""}
{"level":"info","message":"::1 - - [11/Jan/2025:11:05:14 +0000] \"POST /api/v1/project/saveProjectImages HTTP/1.1\" 500 65 \"-\" \"PostmanRuntime/7.43.0\""}
{"level":"info","message":"::1 - - [11/Jan/2025:11:06:41 +0000] \"POST /api/v1/uploadImage HTTP/1.1\" 200 143 \"-\" \"PostmanRuntime/7.43.0\""}
{"level":"info","message":"::1 - - [11/Jan/2025:11:07:04 +0000] \"POST /api/v1/users/saveImagesToGallery HTTP/1.1\" 201 404 \"-\" \"PostmanRuntime/7.43.0\""}
{"level":"info","message":"::1 - - [11/Jan/2025:11:07:39 +0000] \"POST /api/v1/project/saveProjectImages HTTP/1.1\" 500 65 \"-\" \"PostmanRuntime/7.43.0\""}
{"level":"info","message":"::1 - - [11/Jan/2025:11:08:59 +0000] \"POST /api/v1/project/saveProjectImages HTTP/1.1\" 500 65 \"-\" \"PostmanRuntime/7.43.0\""}
{"level":"info","message":"::1 - - [11/Jan/2025:11:10:15 +0000] \"POST /api/v1/project/saveProjectImages HTTP/1.1\" 500 65 \"-\" \"PostmanRuntime/7.43.0\""}
{"level":"info","message":"::1 - - [12/Jan/2025:06:27:10 +0000] \"POST /api/v1/project/saveProjectImages HTTP/1.1\" 500 65 \"-\" \"PostmanRuntime/7.43.0\""}
{"level":"info","message":"::1 - - [12/Jan/2025:06:27:14 +0000] \"POST /api/v1/register HTTP/1.1\" 500 28 \"-\" \"PostmanRuntime/7.43.0\""}
{"level":"info","message":"::1 - - [12/Jan/2025:06:28:30 +0000] \"POST /api/v1/register HTTP/1.1\" 500 28 \"-\" \"PostmanRuntime/7.43.0\""}
{"level":"info","message":"::1 - - [12/Jan/2025:06:29:04 +0000] \"POST /api/v1/project/saveProjectImages HTTP/1.1\" 500 65 \"-\" \"PostmanRuntime/7.43.0\""}
{"level":"info","message":"::1 - - [12/Jan/2025:06:29:57 +0000] \"POST /api/v1/project/saveProjectImages HTTP/1.1\" 500 65 \"-\" \"PostmanRuntime/7.43.0\""}
{"level":"info","message":"::1 - - [12/Jan/2025:06:31:41 +0000] \"POST /api/v1/project/saveProjectImages HTTP/1.1\" 500 65 \"-\" \"PostmanRuntime/7.43.0\""}
{"level":"info","message":"::1 - - [13/Jan/2025:12:29:39 +0000] \"POST /api/v1/project/saveProjectImages HTTP/1.1\" 500 65 \"-\" \"PostmanRuntime/7.43.0\""}
{"level":"info","message":"::1 - - [13/Jan/2025:12:29:40 +0000] \"POST /api/v1/project/saveProjectImages HTTP/1.1\" 500 65 \"-\" \"PostmanRuntime/7.43.0\""}
{"level":"info","message":"Shutting down server..."}
{"level":"info","message":"::1 - - [13/Jan/2025:12:30:34 +0000] \"POST /api/v1/project/saveProjectImages HTTP/1.1\" 500 65 \"-\" \"PostmanRuntime/7.43.0\""}
{"level":"info","message":"::1 - - [13/Jan/2025:12:38:54 +0000] \"POST /api/v1/project/saveProjectImages HTTP/1.1\" 201 2500 \"-\" \"PostmanRuntime/7.43.0\""}
{"level":"info","message":"::1 - - [13/Jan/2025:12:41:29 +0000] \"POST /api/v1/project/saveProjectImages HTTP/1.1\" 500 65 \"-\" \"PostmanRuntime/7.43.0\""}
{"level":"info","message":"::1 - - [13/Jan/2025:12:42:54 +0000] \"POST /api/v1/project/saveProjectImages HTTP/1.1\" 500 65 \"-\" \"PostmanRuntime/7.43.0\""}
{"level":"info","message":"::1 - - [13/Jan/2025:12:44:39 +0000] \"POST /api/v1/project/saveProjectImages HTTP/1.1\" 500 65 \"-\" \"PostmanRuntime/7.43.0\""}
{"level":"info","message":"::1 - - [13/Jan/2025:12:49:32 +0000] \"POST /api/v1/project/saveProjectImages HTTP/1.1\" 500 65 \"-\" \"PostmanRuntime/7.43.0\""}
{"level":"info","message":"::1 - - [13/Jan/2025:12:52:20 +0000] \"POST /api/v1/project/saveProjectImages HTTP/1.1\" 201 2500 \"-\" \"PostmanRuntime/7.43.0\""}
{"level":"info","message":"::1 - - [13/Jan/2025:12:58:49 +0000] \"POST /api/v1/project/saveProjectImages HTTP/1.1\" 500 65 \"-\" \"PostmanRuntime/7.43.0\""}
{"level":"info","message":"::1 - - [13/Jan/2025:13:03:02 +0000] \"POST /api/v1/project/saveProjectImages HTTP/1.1\" 500 65 \"-\" \"PostmanRuntime/7.43.0\""}
{"level":"info","message":"::1 - - [13/Jan/2025:13:05:33 +0000] \"POST /api/v1/project/saveProjectImages HTTP/1.1\" 500 65 \"-\" \"PostmanRuntime/7.43.0\""}
{"level":"info","message":"::1 - - [13/Jan/2025:13:07:37 +0000] \"POST /api/v1/project/saveProjectImages HTTP/1.1\" 500 65 \"-\" \"PostmanRuntime/7.43.0\""}
{"level":"info","message":"::1 - - [13/Jan/2025:13:57:12 +0000] \"POST /api/v1/project/saveProjectImages HTTP/1.1\" 500 65 \"-\" \"PostmanRuntime/7.43.0\""}
{"level":"info","message":"::1 - - [13/Jan/2025:19:34:17 +0000] \"POST /api/v1/project/saveProjectImages HTTP/1.1\" 500 65 \"-\" \"PostmanRuntime/7.43.0\""}
{"level":"info","message":"::1 - - [13/Jan/2025:21:31:17 +0000] \"POST /api/v1/project/saveProjectImages HTTP/1.1\" 500 65 \"-\" \"PostmanRuntime/7.43.0\""}
{"level":"info","message":"Shutting down server..."}
{"level":"info","message":"::1 - - [13/Jan/2025:21:36:15 +0000] \"POST /api/v1/project/saveProjectImages HTTP/1.1\" 201 914 \"-\" \"PostmanRuntime/7.43.0\""}
{"level":"info","message":"::1 - - [13/Jan/2025:21:42:10 +0000] \"POST /api/v1/project/saveProjectImages HTTP/1.1\" 500 65 \"-\" \"PostmanRuntime/7.43.0\""}
{"level":"info","message":"::1 - - [13/Jan/2025:21:42:42 +0000] \"POST /api/v1/project/saveProjectImages HTTP/1.1\" 201 914 \"-\" \"PostmanRuntime/7.43.0\""}
{"level":"info","message":"::1 - - [13/Jan/2025:21:45:36 +0000] \"POST /api/v1/project/saveProjectImages HTTP/1.1\" 500 65 \"-\" \"PostmanRuntime/7.43.0\""}
{"level":"info","message":"::1 - - [13/Jan/2025:21:46:11 +0000] \"POST /api/v1/project/saveProjectImages HTTP/1.1\" 201 914 \"-\" \"PostmanRuntime/7.43.0\""}
{"level":"info","message":"::1 - - [13/Jan/2025:21:48:32 +0000] \"POST /api/v1/project/saveProjectImages HTTP/1.1\" 500 65 \"-\" \"PostmanRuntime/7.43.0\""}
{"level":"info","message":"::1 - - [13/Jan/2025:21:48:50 +0000] \"POST /api/v1/project/saveProjectImages HTTP/1.1\" 201 914 \"-\" \"PostmanRuntime/7.43.0\""}
{"level":"info","message":"::1 - - [13/Jan/2025:21:49:48 +0000] \"POST /api/v1/project/saveProjectImages HTTP/1.1\" 201 914 \"-\" \"PostmanRuntime/7.43.0\""}
{"level":"info","message":"::1 - - [13/Jan/2025:21:53:07 +0000] \"POST /api/v1/project/saveProjectImages HTTP/1.1\" 201 914 \"-\" \"PostmanRuntime/7.43.0\""}
{"level":"info","message":"::1 - - [13/Jan/2025:21:53:54 +0000] \"POST /api/v1/project/saveProjectImages HTTP/1.1\" 201 914 \"-\" \"PostmanRuntime/7.43.0\""}
{"level":"info","message":"::1 - - [13/Jan/2025:21:55:07 +0000] \"POST /api/v1/project/saveProjectImages HTTP/1.1\" 201 914 \"-\" \"PostmanRuntime/7.43.0\""}
{"level":"info","message":"::1 - - [13/Jan/2025:21:55:58 +0000] \"POST /api/v1/project/saveProjectImages HTTP/1.1\" 201 354 \"-\" \"PostmanRuntime/7.43.0\""}
